2026-01-30 01:15:40 | Device: esp32-stable-001 | Location: restaurant-entrance | Motion: NO | Level: Low | Value: 0
2026-01-30 01:15:44 | Device: esp32-stable-001 | Location: restaurant-entrance | Motion: NO | Level: Low | Value: 0
2026-01-30 01:15:50 | Device: esp32-stable-001 | Location: restaurant-entrance | Motion: NO | Level: Low | Value: 0
2026-01-30 01:15:55 | Device: esp32-stable-001 | Location: restaurant-entrance | Motion: NO | Level: Low | Value: 0
2026-01-30 01:16:00 | Device: esp32-stable-001 | Location: restaurant-entrance | Motion: NO | Level: Low | Value: 0
2026-01-30 01:16:05 | Device: esp32-stable-001 | Location: restaurant-entrance | Motion: NO | Level: Low | Value: 0
2026-01-30 01:16:10 | Device: esp32-stable-001 | Location: restaurant-entrance | Motion: NO | Level: Low | Value: 0
2026-01-30 01:16:15 | Device: esp32-stable-001 | Location: restaurant-entrance | Motion: NO | Level: Low | Value: 0
2026-01-30 01:16:20 | Device: esp32-stable-001 | Location: restaurant-entrance | Motion: NO | Level: Low | Value: 0
2026-01-30 01:16:25 | Device: esp32-stable-001 | Location: restaurant-entrance | Motion: NO | Level: Low | Value: 0
2026-01-30 01:16:31 | Device: esp32-stable-001 | Location: restaurant-entrance | Motion: NO | Level: Low | Value: 0
2026-01-30 01:16:36 | Device: esp32-stable-001 | Location: restaurant-entrance | Motion: NO | Level: Low | Value: 0
2026-01-30 01:16:41 | Device: esp32-stable-001 | Location: restaurant-entrance | Motion: NO | Level: Low | Value: 0
2026-01-30 01:16:46 | Device: esp32-stable-001 | Location: restaurant-entrance | Motion: NO | Level: Low | Value: 0
2026-01-30 01:16:49 | Device: esp32-stable-001 | Location: restaurant-entrance | Motion: YES | Level: Medium | Value: 5605
2026-01-30 01:16:54 | Device: esp32-stable-001 | Location: restaurant-entrance | Motion: YES | Level: High | Value: 52921
2026-01-30 01:17:00 | Device: esp32-stable-001 | Location: restaurant-entrance | Motion: YES | Level: High | Value: 23442
2026-01-30 01:17:03 | Device: esp32-stable-001 | Location: restaurant-entrance | Motion: NO | Level: Low | Value: 4280
2026-01-30 01:17:03 | Device: esp32-stable-001 | Location: restaurant-entrance | Motion: YES | Level: High | Value: 15452
2026-01-30 01:17:04 | Device: esp32-stable-001 | Location: restaurant-entrance | Motion: NO | Level: Low | Value: 1049
2026-01-30 01:17:09 | Device: esp32-stable-001 | Location: restaurant-entrance | Motion: NO | Level: Low | Value: 0
2026-01-30 01:17:14 | Device: esp32-stable-001 | Location: restaurant-entrance | Motion: NO | Level: Low | Value: 0
2026-01-30 01:17:19 | Device: esp32-stable-001 | Location: restaurant-entrance | Motion: NO | Level: Low | Value: 0
2026-01-30 01:17:24 | Device: esp32-stable-001 | Location: restaurant-entrance | Motion: NO | Level: Low | Value: 0
2026-01-30 01:17:29 | Device: esp32-stable-001 | Location: restaurant-entrance | Motion: NO | Level: Low | Value: 0
2026-01-30 01:17:35 | Device: esp32-stable-001 | Location: restaurant-entrance | Motion: NO | Level: Low | Value: 0
2026-01-30 01:17:40 | Device: esp32-stable-001 | Location: restaurant-entrance | Motion: NO | Level: Low | Value: 0
2026-01-30 01:17:44 | Device: esp32-stable-001 | Location: restaurant-entrance | Motion: YES | Level: High | Value: 40459
2026-01-30 01:17:49 | Device: esp32-stable-001 | Location: restaurant-entrance | Motion: NO | Level: Low | Value: 0
2026-01-30 01:17:54 | Device: esp32-stable-001 | Location: restaurant-entrance | Motion: NO | Level: Low | Value: 0
2026-01-30 01:17:59 | Device: esp32-stable-001 | Location: restaurant-entrance | Motion: NO | Level: Low | Value: 0
2026-01-30 01:18:04 | Device: esp32-stable-001 | Location: restaurant-entrance | Motion: NO | Level: Low | Value: 0
2026-01-30 01:18:10 | Device: esp32-stable-001 | Location: restaurant-entrance | Motion: NO | Level: Low | Value: 0
2026-01-30 01:18:15 | Device: esp32-stable-001 | Location: restaurant-entrance | Motion: NO | Level: Low | Value: 0
2026-01-30 01:18:20 | Device: esp32-stable-001 | Location: restaurant-entrance | Motion: NO | Level: Low | Value: 0
2026-01-30 01:18:25 | Device: esp32-stable-001 | Location: restaurant-entrance | Motion: NO | Level: Low | Value: 0
2026-01-30 01:18:30 | Device: esp32-stable-001 | Location: restaurant-entrance | Motion: NO | Level: Low | Value: 0
2026-01-30 01:18:35 | Device: esp32-stable-001 | Location: restaurant-entrance | Motion: NO | Level: Low | Value: 0
2026-01-30 01:18:40 | Device: esp32-stable-001 | Location: restaurant-entrance | Motion: NO | Level: Low | Value: 0
2026-01-30 01:18:46 | Device: esp32-stable-001 | Location: restaurant-entrance | Motion: NO | Level: Low | Value: 0
2026-01-30 01:18:51 | Device: esp32-stable-001 | Location: restaurant-entrance | Motion: NO | Level: Low | Value: 0
2026-01-30 01:18:56 | Device: esp32-stable-001 | Location: restaurant-entrance | Motion: NO | Level: Low | Value: 0
2026-01-30 01:19:01 | Device: esp32-stable-001 | Location: restaurant-entrance | Motion: NO | Level: Low | Value: 0
2026-01-30 01:19:06 | Device: esp32-stable-001 | Location: restaurant-entrance | Motion: NO | Level: Low | Value: 0
2026-01-30 01:19:11 | Device: esp32-stable-001 | Location: restaurant-entrance | Motion: NO | Level: Low | Value: 0
2026-01-30 01:19:16 | Device: esp32-stable-001 | Location: restaurant-entrance | Motion: NO | Level: Low | Value: 0
2026-01-30 01:19:22 | Device: esp32-stable-001 | Location: restaurant-entrance | Motion: NO | Level: Low | Value: 0
2026-01-30 01:19:26 | Device: esp32-stable-001 | Location: restaurant-entrance | Motion: NO | Level: Low | Value: 0
2026-01-30 01:19:32 | Device: esp32-stable-001 | Location: restaurant-entrance | Motion: NO | Level: Low | Value: 0
2026-01-30 01:19:37 | Device: esp32-stable-001 | Location: restaurant-entrance | Motion: NO | Level: Low | Value: 0
2026-01-30 01:19:42 | Device: esp32-stable-001 | Location: restaurant-entrance | Motion: NO | Level: Low | Value: 0
2026-01-30 01:19:47 | Device: esp32-stable-001 | Location: restaurant-entrance | Motion: NO | Level: Low | Value: 0
2026-01-30 01:19:52 | Device: esp32-stable-001 | Location: restaurant-entrance | Motion: NO | Level: Low | Value: 0
2026-01-30 01:19:57 | Device: esp32-stable-001 | Location: restaurant-entrance | Motion: NO | Level: Low | Value: 0
2026-01-30 01:20:02 | Device: esp32-stable-001 | Location: restaurant-entrance | Motion: NO | Level: Low | Value: 0
2026-01-30 01:20:07 | Device: esp32-stable-001 | Location: restaurant-entrance | Motion: NO | Level: Low | Value: 0
2026-01-30 01:20:12 | Device: esp32-stable-001 | Location: restaurant-entrance | Motion: NO | Level: Low | Value: 0
2026-01-30 01:20:17 | Device: esp32-stable-001 | Location: restaurant-entrance | Motion: NO | Level: Low | Value: 0
2026-01-30 01:20:23 | Device: esp32-stable-001 | Location: restaurant-entrance | Motion: NO | Level: Low | Value: 0
2026-01-30 01:20:28 | Device: esp32-stable-001 | Location: restaurant-entrance | Motion: NO | Level: Low | Value: 0
2026-01-30 01:20:33 | Device: esp32-stable-001 | Location: restaurant-entrance | Motion: NO | Level: Low | Value: 0
2026-01-30 01:20:38 | Device: esp32-stable-001 | Location: restaurant-entrance | Motion: NO | Level: Low | Value: 0
2026-01-30 01:20:43 | Device: esp32-stable-001 | Location: restaurant-entrance | Motion: NO | Level: Low | Value: 0
2026-01-30 01:20:48 | Device: esp32-stable-001 | Location: restaurant-entrance | Motion: NO | Level: Low | Value: 0
2026-01-30 01:20:53 | Device: esp32-stable-001 | Location: restaurant-entrance | Motion: NO | Level: Low | Value: 0
2026-01-30 01:20:58 | Device: esp32-stable-001 | Location: restaurant-entrance | Motion: NO | Level: Low | Value: 0
2026-01-30 01:21:03 | Device: esp32-stable-001 | Location: restaurant-entrance | Motion: NO | Level: Low | Value: 0
2026-01-30 01:21:08 | Device: esp32-stable-001 | Location: restaurant-entrance | Motion: NO | Level: Low | Value: 0
2026-01-30 01:21:13 | Device: esp32-stable-001 | Location: restaurant-entrance | Motion: NO | Level: Low | Value: 0
2026-01-30 01:21:19 | Device: esp32-stable-001 | Location: restaurant-entrance | Motion: NO | Level: Low | Value: 0
2026-01-30 01:21:24 | Device: esp32-stable-001 | Location: restaurant-entrance | Motion: NO | Level: Low | Value: 0
2026-01-30 01:21:29 | Device: esp32-stable-001 | Location: restaurant-entrance | Motion: NO | Level: Low | Value: 0
2026-01-30 01:21:34 | Device: esp32-stable-001 | Location: restaurant-entrance | Motion: NO | Level: Low | Value: 0
2026-01-30 01:21:39 | Device: esp32-stable-001 | Location: restaurant-entrance | Motion: NO | Level: Low | Value: 0
2026-01-30 01:21:44 | Device: esp32-stable-001 | Location: restaurant-entrance | Motion: NO | Level: Low | Value: 0
2026-01-30 01:21:49 | Device: esp32-stable-001 | Location: restaurant-entrance | Motion: NO | Level: Low | Value: 0
2026-01-30 01:21:54 | Device: esp32-stable-001 | Location: restaurant-entrance | Motion: NO | Level: Low | Value: 0
2026-01-30 01:22:00 | Device: esp32-stable-001 | Location: restaurant-entrance | Motion: NO | Level: Low | Value: 0
2026-01-30 01:22:05 | Device: esp32-stable-001 | Location: restaurant-entrance | Motion: NO | Level: Low | Value: 0
2026-01-30 01:22:10 | Device: esp32-stable-001 | Location: restaurant-entrance | Motion: NO | Level: Low | Value: 0
2026-01-30 01:22:15 | Device: esp32-stable-001 | Location: restaurant-entrance | Motion: NO | Level: Low | Value: 0
2026-01-30 01:22:20 | Device: esp32-stable-001 | Location: restaurant-entrance | Motion: NO | Level: Low | Value: 0
2026-01-30 01:22:25 | Device: esp32-stable-001 | Location: restaurant-entrance | Motion: NO | Level: Low | Value: 0
2026-01-30 01:22:30 | Device: esp32-stable-001 | Location: restaurant-entrance | Motion: NO | Level: Low | Value: 0
2026-01-30 01:22:35 | Device: esp32-stable-001 | Location: restaurant-entrance | Motion: NO | Level: Low | Value: 0
2026-01-30 01:22:41 | Device: esp32-stable-001 | Location: restaurant-entrance | Motion: NO | Level: Low | Value: 0
2026-01-30 01:22:46 | Device: esp32-stable-001 | Location: restaurant-entrance | Motion: NO | Level: Low | Value: 0
2026-01-30 01:22:51 | Device: esp32-stable-001 | Location: restaurant-entrance | Motion: NO | Level: Low | Value: 0
2026-01-30 01:22:56 | Device: esp32-stable-001 | Location: restaurant-entrance | Motion: NO | Level: Low | Value: 0
2026-01-30 01:23:01 | Device: esp32-stable-001 | Location: restaurant-entrance | Motion: NO | Level: Low | Value: 0
2026-01-30 01:23:06 | Device: esp32-stable-001 | Location: restaurant-entrance | Motion: NO | Level: Low | Value: 0
2026-01-30 01:23:11 | Device: esp32-stable-001 | Location: restaurant-entrance | Motion: NO | Level: Low | Value: 0
2026-01-30 01:23:16 | Device: esp32-stable-001 | Location: restaurant-entrance | Motion: NO | Level: Low | Value: 0
2026-01-30 01:23:22 | Device: esp32-stable-001 | Location: restaurant-entrance | Motion: NO | Level: Low | Value: 0
2026-01-30 01:23:27 | Device: esp32-stable-001 | Location: restaurant-entrance | Motion: NO | Level: Low | Value: 0
2026-01-30 01:23:32 | Device: esp32-stable-001 | Location: restaurant-entrance | Motion: NO | Level: Low | Value: 0
2026-01-30 01:23:37 | Device: esp32-stable-001 | Location: restaurant-entrance | Motion: NO | Level: Low | Value: 0
2026-01-30 01:23:42 | Device: esp32-stable-001 | Location: restaurant-entrance | Motion: NO | Level: Low | Value: 0
2026-01-30 01:23:47 | Device: esp32-stable-001 | Location: restaurant-entrance | Motion: NO | Level: Low | Value: 0
2026-01-30 01:23:52 | Device: esp32-stable-001 | Location: restaurant-entrance | Motion: NO | Level: Low | Value: 0
2026-01-30 01:23:57 | Device: esp32-stable-001 | Location: restaurant-entrance | Motion: NO | Level: Low | Value: 0
2026-01-30 01:24:02 | Device: esp32-stable-001 | Location: restaurant-entrance | Motion: NO | Level: Low | Value: 0
2026-01-30 01:24:07 | Device: esp32-stable-001 | Location: restaurant-entrance | Motion: NO | Level: Low | Value: 0
2026-01-30 01:24:12 | Device: esp32-stable-001 | Location: restaurant-entrance | Motion: NO | Level: Low | Value: 0
2026-01-30 01:24:17 | Device: esp32-stable-001 | Location: restaurant-entrance | Motion: NO | Level: Low | Value: 0
2026-01-30 01:24:23 | Device: esp32-stable-001 | Location: restaurant-entrance | Motion: NO | Level: Low | Value: 0
2026-01-30 01:24:27 | Device: esp32-stable-001 | Location: restaurant-entrance | Motion: NO | Level: Low | Value: 0
2026-01-30 01:24:33 | Device: esp32-stable-001 | Location: restaurant-entrance | Motion: NO | Level: Low | Value: 0
2026-01-30 01:24:38 | Device: esp32-stable-001 | Location: restaurant-entrance | Motion: NO | Level: Low | Value: 0
2026-01-30 01:24:43 | Device: esp32-stable-001 | Location: restaurant-entrance | Motion: NO | Level: Low | Value: 0
2026-01-30 01:24:48 | Device: esp32-stable-001 | Location: restaurant-entrance | Motion: NO | Level: Low | Value: 0
2026-01-30 01:24:53 | Device: esp32-stable-001 | Location: restaurant-entrance | Motion: NO | Level: Low | Value: 0
2026-01-30 01:24:58 | Device: esp32-stable-001 | Location: restaurant-entrance | Motion: NO | Level: Low | Value: 0
2026-01-30 01:25:04 | Device: esp32-stable-001 | Location: restaurant-entrance | Motion: NO | Level: Low | Value: 0
2026-01-30 01:25:08 | Device: esp32-stable-001 | Location: restaurant-entrance | Motion: NO | Level: Low | Value: 0
2026-01-30 01:25:14 | Device: esp32-stable-001 | Location: restaurant-entrance | Motion: NO | Level: Low | Value: 0
2026-01-30 01:25:19 | esp32-stable-001 | restaurant-entrance | Unknown | Value: 0 | Capacity: 0%
2026-01-30 01:25:24 | esp32-stable-001 | restaurant-entrance | Unknown | Value: 0 | Capacity: 0%
2026-01-30 01:25:29 | esp32-stable-001 | restaurant-entrance | Unknown | Value: 0 | Capacity: 0%
2026-01-30 01:25:34 | esp32-stable-001 | restaurant-entrance | Unknown | Value: 0 | Capacity: 0%
2026-01-30 01:25:39 | esp32-stable-001 | restaurant-entrance | Unknown | Value: 0 | Capacity: 0%
2026-01-30 01:25:44 | esp32-stable-001 | restaurant-entrance | Unknown | Value: 0 | Capacity: 0%
2026-01-30 01:25:50 | esp32-stable-001 | restaurant-entrance | Unknown | Value: 0 | Capacity: 0%
2026-01-30 01:25:54 | esp32-stable-001 | restaurant-entrance | Unknown | Value: 0 | Capacity: 0%
2026-01-30 01:26:00 | esp32-stable-001 | restaurant-entrance | Unknown | Value: 0 | Capacity: 0%
2026-01-30 01:26:05 | esp32-stable-001 | restaurant-entrance | Unknown | Value: 0 | Capacity: 0%
2026-01-30 01:26:10 | esp32-stable-001 | restaurant-entrance | Unknown | Value: 0 | Capacity: 0%
2026-01-30 01:26:15 | esp32-stable-001 | restaurant-entrance | Unknown | Value: 0 | Capacity: 0%
2026-01-30 01:26:20 | esp32-stable-001 | restaurant-entrance | Unknown | Value: 0 | Capacity: 0%
2026-01-30 01:26:25 | esp32-stable-001 | restaurant-entrance | Unknown | Value: 0 | Capacity: 0%
2026-01-30 01:26:31 | esp32-stable-001 | restaurant-entrance | Unknown | Value: 0 | Capacity: 0%
2026-01-30 01:26:35 | esp32-stable-001 | restaurant-entrance | Unknown | Value: 0 | Capacity: 0%
2026-01-30 01:26:41 | esp32-stable-001 | restaurant-entrance | Unknown | Value: 0 | Capacity: 0%
2026-01-30 01:26:46 | esp32-stable-001 | restaurant-entrance | Unknown | Value: 0 | Capacity: 0%
2026-01-30 01:26:51 | esp32-stable-001 | restaurant-entrance | Unknown | Value: 0 | Capacity: 0%
2026-01-30 01:26:56 | esp32-stable-001 | restaurant-entrance | Unknown | Value: 0 | Capacity: 0%
2026-01-30 01:27:01 | esp32-stable-001 | restaurant-entrance | Unknown | Value: 0 | Capacity: 0%
2026-01-30 01:27:06 | esp32-stable-001 | restaurant-entrance | Unknown | Value: 0 | Capacity: 0%
2026-01-30 01:27:11 | esp32-stable-001 | restaurant-entrance | Unknown | Value: 0 | Capacity: 0%
2026-01-30 01:27:16 | esp32-stable-001 | restaurant-entrance | Unknown | Value: 0 | Capacity: 0%
2026-01-30 01:27:22 | esp32-stable-001 | restaurant-entrance | Unknown | Value: 0 | Capacity: 0%
2026-01-30 01:27:27 | esp32-stable-001 | restaurant-entrance | Unknown | Value: 0 | Capacity: 0%
2026-01-30 01:27:32 | esp32-stable-001 | restaurant-entrance | Unknown | Value: 0 | Capacity: 0%
2026-01-30 01:27:37 | esp32-stable-001 | restaurant-entrance | Unknown | Value: 0 | Capacity: 0%
2026-01-30 01:27:42 | esp32-stable-001 | restaurant-entrance | Unknown | Value: 0 | Capacity: 0%
2026-01-30 01:27:47 | esp32-stable-001 | restaurant-entrance | Unknown | Value: 0 | Capacity: 0%
2026-01-30 01:27:52 | esp32-stable-001 | restaurant-entrance | Unknown | Value: 0 | Capacity: 0%
2026-01-30 01:27:57 | esp32-stable-001 | restaurant-entrance | Unknown | Value: 0 | Capacity: 0%
2026-01-30 01:28:03 | esp32-stable-001 | restaurant-entrance | Unknown | Value: 0 | Capacity: 0%
2026-01-30 01:28:08 | esp32-stable-001 | restaurant-entrance | Unknown | Value: 0 | Capacity: 0%
2026-01-30 01:28:13 | esp32-stable-001 | restaurant-entrance | Unknown | Value: 0 | Capacity: 0%
2026-01-30 01:28:18 | esp32-stable-001 | restaurant-entrance | Unknown | Value: 0 | Capacity: 0%
2026-01-30 01:28:23 | esp32-stable-001 | restaurant-entrance | Unknown | Value: 0 | Capacity: 0%
2026-01-30 01:28:28 | esp32-stable-001 | restaurant-entrance | Unknown | Value: 0 | Capacity: 0%
2026-01-30 01:28:33 | esp32-stable-001 | restaurant-entrance | Unknown | Value: 0 | Capacity: 0%
2026-01-30 01:28:38 | esp32-stable-001 | restaurant-entrance | Unknown | Value: 0 | Capacity: 0%
2026-01-30 01:28:43 | esp32-stable-001 | restaurant-entrance | Unknown | Value: 0 | Capacity: 0%
2026-01-30 01:28:48 | esp32-stable-001 | restaurant-entrance | Unknown | Value: 0 | Capacity: 0%
2026-01-30 01:28:54 | esp32-stable-001 | restaurant-entrance | Unknown | Value: 0 | Capacity: 0%
2026-01-30 01:28:59 | esp32-stable-001 | restaurant-entrance | Unknown | Value: 0 | Capacity: 0%
2026-01-30 01:29:04 | esp32-stable-001 | restaurant-entrance | Unknown | Value: 0 | Capacity: 0%
2026-01-30 01:29:09 | esp32-stable-001 | restaurant-entrance | Unknown | Value: 0 | Capacity: 0%
2026-01-30 01:29:14 | esp32-stable-001 | restaurant-entrance | Unknown | Value: 0 | Capacity: 0%
2026-01-30 01:29:19 | esp32-stable-001 | restaurant-entrance | Unknown | Value: 0 | Capacity: 0%
2026-01-30 01:29:24 | esp32-stable-001 | restaurant-entrance | Unknown | Value: 0 | Capacity: 0%
2026-01-30 01:29:29 | esp32-stable-001 | restaurant-entrance | Unknown | Value: 0 | Capacity: 0%
2026-01-30 01:29:34 | esp32-stable-001 | restaurant-entrance | Unknown | Value: 0 | Capacity: 0%
2026-01-30 01:29:40 | esp32-stable-001 | restaurant-entrance | Unknown | Value: 0 | Capacity: 0%
2026-01-30 01:29:45 | esp32-stable-001 | restaurant-entrance | Unknown | Value: 0 | Capacity: 0%
2026-01-30 01:29:50 | esp32-stable-001 | restaurant-entrance | Unknown | Value: 0 | Capacity: 0%
2026-01-30 01:29:55 | esp32-stable-001 | restaurant-entrance | Unknown | Value: 0 | Capacity: 0%
2026-01-30 01:30:00 | esp32-stable-001 | restaurant-entrance | Unknown | Value: 0 | Capacity: 0%
2026-01-30 01:30:05 | esp32-stable-001 | restaurant-entrance | Unknown | Value: 0 | Capacity: 0%
2026-01-30 01:30:10 | esp32-stable-001 | restaurant-entrance | Unknown | Value: 0 | Capacity: 0%
2026-01-30 01:30:15 | esp32-stable-001 | restaurant-entrance | Unknown | Value: 0 | Capacity: 0%
2026-01-30 01:30:21 | esp32-stable-001 | restaurant-entrance | Unknown | Value: 0 | Capacity: 0%
2026-01-30 01:30:26 | esp32-stable-001 | restaurant-entrance | Unknown | Value: 0 | Capacity: 0%
2026-01-30 01:30:31 | esp32-stable-001 | restaurant-entrance | Unknown | Value: 0 | Capacity: 0%
2026-01-30 01:30:36 | esp32-stable-001 | restaurant-entrance | Unknown | Value: 0 | Capacity: 0%
2026-01-30 01:30:41 | esp32-stable-001 | restaurant-entrance | Unknown | Value: 0 | Capacity: 0%
2026-01-30 01:30:46 | esp32-stable-001 | restaurant-entrance | Unknown | Value: 0 | Capacity: 0%
2026-01-30 01:30:51 | esp32-stable-001 | restaurant-entrance | Unknown | Value: 0 | Capacity: 0%
2026-01-30 01:30:56 | esp32-stable-001 | restaurant-entrance | Unknown | Value: 0 | Capacity: 0%
2026-01-30 01:31:02 | esp32-stable-001 | restaurant-entrance | Unknown | Value: 0 | Capacity: 0%
2026-01-30 01:31:07 | esp32-stable-001 | restaurant-entrance | Unknown | Value: 0 | Capacity: 0%
2026-01-30 01:31:12 | esp32-stable-001 | restaurant-entrance | Unknown | Value: 0 | Capacity: 0%
2026-01-30 01:31:17 | esp32-stable-001 | restaurant-entrance | Unknown | Value: 0 | Capacity: 0%
2026-01-30 01:31:22 | esp32-stable-001 | restaurant-entrance | Unknown | Value: 0 | Capacity: 0%
2026-01-30 01:31:27 | esp32-stable-001 | restaurant-entrance | Unknown | Value: 0 | Capacity: 0%
2026-01-30 01:31:32 | esp32-stable-001 | restaurant-entrance | Unknown | Value: 0 | Capacity: 0%
2026-01-30 01:31:38 | esp32-stable-001 | restaurant-entrance | Unknown | Value: 0 | Capacity: 0%
2026-01-30 01:31:43 | esp32-stable-001 | restaurant-entrance | Unknown | Value: 0 | Capacity: 0%
2026-01-30 01:31:48 | esp32-stable-001 | restaurant-entrance | Unknown | Value: 0 | Capacity: 0%
2026-01-30 01:31:53 | esp32-stable-001 | restaurant-entrance | Unknown | Value: 0 | Capacity: 0%
2026-01-30 01:31:58 | esp32-stable-001 | restaurant-entrance | Unknown | Value: 0 | Capacity: 0%
2026-01-30 01:32:03 | esp32-stable-001 | restaurant-entrance | Unknown | Value: 0 | Capacity: 0%
2026-01-30 01:32:08 | esp32-stable-001 | restaurant-entrance | Unknown | Value: 0 | Capacity: 0%
2026-01-30 01:32:13 | esp32-stable-001 | restaurant-entrance | Unknown | Value: 0 | Capacity: 0%
2026-01-30 01:32:18 | esp32-stable-001 | restaurant-entrance | Unknown | Value: 0 | Capacity: 0%
2026-01-30 01:32:23 | esp32-stable-001 | restaurant-entrance | Unknown | Value: 0 | Capacity: 0%
2026-01-30 01:32:28 | esp32-stable-001 | restaurant-entrance | Unknown | Value: 0 | Capacity: 0%
2026-01-30 01:32:33 | esp32-stable-001 | restaurant-entrance | Unknown | Value: 0 | Capacity: 0%
2026-01-30 01:32:39 | esp32-stable-001 | restaurant-entrance | Unknown | Value: 0 | Capacity: 0%
2026-01-30 01:32:44 | esp32-stable-001 | restaurant-entrance | Unknown | Value: 0 | Capacity: 0%
2026-01-30 01:32:49 | esp32-stable-001 | restaurant-entrance | Unknown | Value: 0 | Capacity: 0%
2026-01-30 01:32:54 | esp32-stable-001 | restaurant-entrance | Unknown | Value: 0 | Capacity: 0%
2026-01-30 01:32:59 | esp32-stable-001 | restaurant-entrance | Unknown | Value: 0 | Capacity: 0%
2026-01-30 01:33:04 | esp32-stable-001 | restaurant-entrance | Unknown | Value: 0 | Capacity: 0%
2026-01-30 01:33:09 | esp32-stable-001 | restaurant-entrance | Unknown | Value: 0 | Capacity: 0%
2026-01-30 01:33:14 | esp32-stable-001 | restaurant-entrance | Unknown | Value: 0 | Capacity: 0%
2026-01-30 01:33:19 | esp32-stable-001 | restaurant-entrance | Unknown | Value: 0 | Capacity: 0%
2026-01-30 01:33:25 | esp32-stable-001 | restaurant-entrance | Unknown | Value: 0 | Capacity: 0%
2026-01-30 01:33:30 | esp32-stable-001 | restaurant-entrance | Unknown | Value: 0 | Capacity: 0%
2026-01-30 01:33:35 | esp32-stable-001 | restaurant-entrance | Unknown | Value: 0 | Capacity: 0%
2026-01-30 01:33:40 | esp32-stable-001 | restaurant-entrance | Unknown | Value: 0 | Capacity: 0%
2026-01-30 01:33:45 | esp32-stable-001 | restaurant-entrance | Unknown | Value: 0 | Capacity: 0%
2026-01-30 01:33:50 | esp32-stable-001 | restaurant-entrance | Unknown | Value: 0 | Capacity: 0%
2026-01-30 01:33:55 | esp32-stable-001 | restaurant-entrance | Unknown | Value: 0 | Capacity: 0%
2026-01-30 01:34:00 | esp32-stable-001 | restaurant-entrance | Unknown | Value: 0 | Capacity: 0%
2026-01-30 01:34:05 | esp32-stable-001 | restaurant-entrance | Unknown | Value: 0 | Capacity: 0%
2026-01-30 01:34:10 | esp32-stable-001 | restaurant-entrance | Unknown | Value: 0 | Capacity: 0%
2026-01-30 01:34:16 | esp32-stable-001 | restaurant-entrance | Unknown | Value: 0 | Capacity: 0%
2026-01-30 01:34:21 | esp32-stable-001 | restaurant-entrance | Unknown | Value: 0 | Capacity: 0%
2026-01-30 01:34:26 | esp32-stable-001 | restaurant-entrance | Unknown | Value: 0 | Capacity: 0%
2026-01-30 01:34:31 | esp32-stable-001 | restaurant-entrance | Unknown | Value: 0 | Capacity: 0%
2026-01-30 01:34:36 | esp32-stable-001 | restaurant-entrance | Unknown | Value: 0 | Capacity: 0%
2026-01-30 01:34:41 | esp32-stable-001 | restaurant-entrance | Unknown | Value: 0 | Capacity: 0%
2026-01-30 01:34:46 | esp32-stable-001 | restaurant-entrance | Unknown | Value: 0 | Capacity: 0%
2026-01-30 01:34:51 | esp32-stable-001 | restaurant-entrance | Unknown | Value: 0 | Capacity: 0%
2026-01-30 01:34:56 | esp32-stable-001 | restaurant-entrance | Unknown | Value: 0 | Capacity: 0%
2026-01-30 01:35:02 | esp32-stable-001 | restaurant-entrance | Unknown | Value: 0 | Capacity: 0%
2026-01-30 01:35:07 | esp32-stable-001 | restaurant-entrance | Unknown | Value: 0 | Capacity: 0%
2026-01-30 01:35:12 | esp32-stable-001 | restaurant-entrance | Unknown | Value: 0 | Capacity: 0%
2026-01-30 01:35:17 | esp32-stable-001 | restaurant-entrance | Unknown | Value: 0 | Capacity: 0%
2026-01-30 01:35:22 | esp32-stable-001 | restaurant-entrance | Unknown | Value: 0 | Capacity: 0%
2026-01-30 01:35:27 | esp32-stable-001 | restaurant-entrance | Unknown | Value: 0 | Capacity: 0%
2026-01-30 01:35:32 | esp32-stable-001 | restaurant-entrance | Unknown | Value: 0 | Capacity: 0%
2026-01-30 01:35:38 | esp32-stable-001 | restaurant-entrance | Unknown | Value: 0 | Capacity: 0%
2026-01-30 01:35:43 | esp32-stable-001 | restaurant-entrance | Unknown | Value: 0 | Capacity: 0%
2026-01-30 01:35:48 | esp32-stable-001 | restaurant-entrance | Unknown | Value: 0 | Capacity: 0%
2026-01-30 01:35:53 | esp32-stable-001 | restaurant-entrance | Unknown | Value: 0 | Capacity: 0%
2026-01-30 01:35:58 | esp32-stable-001 | restaurant-entrance | Unknown | Value: 0 | Capacity: 0%
2026-01-30 01:36:03 | esp32-stable-001 | restaurant-entrance | Unknown | Value: 0 | Capacity: 0%
2026-01-30 01:36:08 | esp32-stable-001 | restaurant-entrance | Unknown | Value: 0 | Capacity: 0%
2026-01-30 01:36:13 | esp32-stable-001 | restaurant-entrance | Unknown | Value: 0 | Capacity: 0%
2026-01-30 01:36:18 | esp32-stable-001 | restaurant-entrance | Unknown | Value: 0 | Capacity: 0%
2026-01-30 01:36:24 | esp32-stable-001 | restaurant-entrance | Unknown | Value: 0 | Capacity: 0%
2026-01-30 01:36:29 | esp32-stable-001 | restaurant-entrance | Unknown | Value: 0 | Capacity: 0%
2026-01-30 01:36:34 | esp32-stable-001 | restaurant-entrance | Unknown | Value: 0 | Capacity: 0%
2026-01-30 01:36:39 | esp32-stable-001 | restaurant-entrance | Unknown | Value: 0 | Capacity: 0%
2026-01-30 01:36:44 | esp32-stable-001 | restaurant-entrance | Unknown | Value: 0 | Capacity: 0%
2026-01-30 01:36:49 | esp32-stable-001 | restaurant-entrance | Unknown | Value: 0 | Capacity: 0%
2026-01-30 01:36:54 | esp32-stable-001 | restaurant-entrance | Unknown | Value: 0 | Capacity: 0%
2026-01-30 01:37:00 | esp32-stable-001 | restaurant-entrance | Unknown | Value: 0 | Capacity: 0%
2026-01-30 01:37:05 | esp32-stable-001 | restaurant-entrance | Unknown | Value: 0 | Capacity: 0%
2026-01-30 01:37:10 | esp32-stable-001 | restaurant-entrance | Unknown | Value: 0 | Capacity: 0%
2026-01-30 01:37:15 | esp32-stable-001 | restaurant-entrance | Unknown | Value: 0 | Capacity: 0%
2026-01-30 01:37:20 | esp32-stable-001 | restaurant-entrance | Unknown | Value: 0 | Capacity: 0%
2026-01-30 01:37:25 | esp32-stable-001 | restaurant-entrance | Unknown | Value: 0 | Capacity: 0%
2026-01-30 01:37:30 | esp32-stable-001 | restaurant-entrance | Unknown | Value: 0 | Capacity: 0%
2026-01-30 01:37:35 | esp32-stable-001 | restaurant-entrance | Unknown | Value: 0 | Capacity: 0%
2026-01-30 01:37:41 | esp32-stable-001 | restaurant-entrance | Unknown | Value: 0 | Capacity: 0%
2026-01-30 01:37:46 | esp32-stable-001 | restaurant-entrance | Unknown | Value: 0 | Capacity: 0%
2026-01-30 01:37:51 | esp32-stable-001 | restaurant-entrance | Unknown | Value: 0 | Capacity: 0%
2026-01-30 01:37:56 | esp32-stable-001 | restaurant-entrance | Unknown | Value: 0 | Capacity: 0%
2026-01-30 01:38:01 | esp32-stable-001 | restaurant-entrance | Unknown | Value: 0 | Capacity: 0%
2026-01-30 01:38:06 | esp32-stable-001 | restaurant-entrance | Unknown | Value: 0 | Capacity: 0%
2026-01-30 01:38:11 | esp32-stable-001 | restaurant-entrance | Unknown | Value: 0 | Capacity: 0%
2026-01-30 01:38:16 | esp32-stable-001 | restaurant-entrance | Unknown | Value: 0 | Capacity: 0%
2026-01-30 01:38:21 | esp32-stable-001 | restaurant-entrance | Unknown | Value: 0 | Capacity: 0%
2026-01-30 01:38:26 | esp32-stable-001 | restaurant-entrance | Unknown | Value: 0 | Capacity: 0%
2026-01-30 01:38:32 | esp32-stable-001 | restaurant-entrance | Unknown | Value: 0 | Capacity: 0%
2026-01-30 01:38:37 | esp32-stable-001 | restaurant-entrance | Unknown | Value: 0 | Capacity: 0%
2026-01-30 01:38:42 | esp32-stable-001 | restaurant-entrance | Unknown | Value: 0 | Capacity: 0%
2026-01-30 01:38:47 | esp32-stable-001 | restaurant-entrance | Unknown | Value: 0 | Capacity: 0%
2026-01-30 01:38:52 | esp32-stable-001 | restaurant-entrance | Unknown | Value: 0 | Capacity: 0%
2026-01-30 01:38:57 | esp32-stable-001 | restaurant-entrance | Unknown | Value: 0 | Capacity: 0%
2026-01-30 01:39:02 | esp32-stable-001 | restaurant-entrance | Unknown | Value: 0 | Capacity: 0%
2026-01-30 01:39:08 | esp32-stable-001 | restaurant-entrance | Unknown | Value: 0 | Capacity: 0%
2026-01-30 01:39:13 | esp32-stable-001 | restaurant-entrance | Unknown | Value: 0 | Capacity: 0%
2026-01-30 01:39:18 | esp32-stable-001 | restaurant-entrance | Unknown | Value: 0 | Capacity: 0%
2026-01-30 01:39:23 | esp32-stable-001 | restaurant-entrance | Unknown | Value: 0 | Capacity: 0%
2026-01-30 01:39:28 | esp32-stable-001 | restaurant-entrance | Unknown | Value: 0 | Capacity: 0%
2026-01-30 01:39:33 | esp32-stable-001 | restaurant-entrance | Unknown | Value: 0 | Capacity: 0%
2026-01-30 01:39:38 | esp32-stable-001 | restaurant-entrance | Unknown | Value: 0 | Capacity: 0%
2026-01-30 01:39:43 | esp32-stable-001 | restaurant-entrance | Unknown | Value: 0 | Capacity: 0%
2026-01-30 01:39:48 | esp32-stable-001 | restaurant-entrance | Unknown | Value: 0 | Capacity: 0%
2026-01-30 01:39:54 | esp32-stable-001 | restaurant-entrance | Unknown | Value: 0 | Capacity: 0%
2026-01-30 01:39:59 | esp32-stable-001 | restaurant-entrance | Unknown | Value: 0 | Capacity: 0%
2026-01-30 01:40:04 | esp32-stable-001 | restaurant-entrance | Unknown | Value: 0 | Capacity: 0%
2026-01-30 01:40:09 | esp32-stable-001 | restaurant-entrance | Unknown | Value: 0 | Capacity: 0%
2026-01-30 01:40:14 | esp32-stable-001 | restaurant-entrance | Unknown | Value: 0 | Capacity: 0%
2026-01-30 01:40:19 | esp32-stable-001 | restaurant-entrance | Unknown | Value: 0 | Capacity: 0%
2026-01-30 01:40:24 | esp32-stable-001 | restaurant-entrance | Unknown | Value: 0 | Capacity: 0%
2026-01-30 01:40:29 | esp32-stable-001 | restaurant-entrance | Unknown | Value: 0 | Capacity: 0%
2026-01-30 01:40:34 | esp32-stable-001 | restaurant-entrance | Unknown | Value: 0 | Capacity: 0%
2026-01-30 01:40:40 | esp32-stable-001 | restaurant-entrance | Unknown | Value: 0 | Capacity: 0%
2026-01-30 01:40:45 | esp32-stable-001 | restaurant-entrance | Unknown | Value: 0 | Capacity: 0%
2026-01-30 01:40:50 | esp32-stable-001 | restaurant-entrance | Unknown | Value: 0 | Capacity: 0%
2026-01-30 01:40:55 | esp32-stable-001 | restaurant-entrance | Unknown | Value: 0 | Capacity: 0%
2026-01-30 01:41:00 | esp32-stable-001 | restaurant-entrance | Unknown | Value: 0 | Capacity: 0%
2026-01-30 01:41:05 | esp32-stable-001 | restaurant-entrance | Unknown | Value: 0 | Capacity: 0%
2026-01-30 01:41:10 | esp32-stable-001 | restaurant-entrance | Unknown | Value: 0 | Capacity: 0%
2026-01-30 01:41:15 | esp32-stable-001 | restaurant-entrance | Unknown | Value: 0 | Capacity: 0%
2026-01-30 01:41:20 | esp32-stable-001 | restaurant-entrance | Unknown | Value: 0 | Capacity: 0%
2026-01-30 01:41:25 | esp32-stable-001 | restaurant-entrance | Unknown | Value: 0 | Capacity: 0%
2026-01-30 01:41:30 | esp32-stable-001 | restaurant-entrance | Unknown | Value: 0 | Capacity: 0%
2026-01-30 01:41:35 | esp32-stable-001 | restaurant-entrance | Unknown | Value: 0 | Capacity: 0%
2026-01-30 01:41:41 | esp32-stable-001 | restaurant-entrance | Unknown | Value: 0 | Capacity: 0%
2026-01-30 01:41:46 | esp32-stable-001 | restaurant-entrance | Unknown | Value: 0 | Capacity: 0%
2026-01-30 01:41:51 | esp32-stable-001 | restaurant-entrance | Unknown | Value: 0 | Capacity: 0%
2026-01-30 01:41:56 | esp32-stable-001 | restaurant-entrance | Unknown | Value: 0 | Capacity: 0%
2026-01-30 01:42:01 | esp32-stable-001 | restaurant-entrance | Unknown | Value: 0 | Capacity: 0%
2026-01-30 01:42:06 | esp32-stable-001 | restaurant-entrance | Unknown | Value: 0 | Capacity: 0%
2026-01-30 01:42:11 | esp32-stable-001 | restaurant-entrance | Unknown | Value: 0 | Capacity: 0%
2026-01-30 01:42:16 | esp32-stable-001 | restaurant-entrance | Unknown | Value: 0 | Capacity: 0%
2026-01-30 01:42:22 | esp32-stable-001 | restaurant-entrance | Unknown | Value: 0 | Capacity: 0%
2026-01-30 01:42:27 | esp32-stable-001 | restaurant-entrance | Unknown | Value: 0 | Capacity: 0%
2026-01-30 01:42:32 | esp32-stable-001 | restaurant-entrance | Unknown | Value: 0 | Capacity: 0%
2026-01-30 01:42:37 | esp32-stable-001 | restaurant-entrance | Unknown | Value: 0 | Capacity: 0%
2026-01-30 01:42:42 | esp32-stable-001 | restaurant-entrance | Unknown | Value: 0 | Capacity: 0%
2026-01-30 01:42:47 | esp32-stable-001 | restaurant-entrance | Unknown | Value: 0 | Capacity: 0%
2026-01-30 01:42:52 | esp32-stable-001 | restaurant-entrance | Unknown | Value: 0 | Capacity: 0%
2026-01-30 01:42:57 | esp32-stable-001 | restaurant-entrance | Unknown | Value: 0 | Capacity: 0%
2026-01-30 01:43:03 | esp32-stable-001 | restaurant-entrance | Unknown | Value: 0 | Capacity: 0%
2026-01-30 01:43:08 | esp32-stable-001 | restaurant-entrance | Unknown | Value: 0 | Capacity: 0%
2026-01-30 01:43:13 | esp32-stable-001 | restaurant-entrance | Unknown | Value: 0 | Capacity: 0%
2026-01-30 01:43:18 | esp32-stable-001 | restaurant-entrance | Unknown | Value: 0 | Capacity: 0%
2026-01-30 01:43:23 | esp32-stable-001 | restaurant-entrance | Unknown | Value: 0 | Capacity: 0%
2026-01-30 01:43:28 | esp32-stable-001 | restaurant-entrance | Unknown | Value: 0 | Capacity: 0%
2026-01-30 01:43:33 | esp32-stable-001 | restaurant-entrance | Unknown | Value: 0 | Capacity: 0%
2026-01-30 01:43:38 | esp32-stable-001 | restaurant-entrance | Unknown | Value: 0 | Capacity: 0%
2026-01-30 01:43:43 | esp32-stable-001 | restaurant-entrance | Unknown | Value: 0 | Capacity: 0%
2026-01-30 01:43:48 | esp32-stable-001 | restaurant-entrance | Unknown | Value: 0 | Capacity: 0%
2026-01-30 01:43:53 | esp32-stable-001 | restaurant-entrance | Unknown | Value: 0 | Capacity: 0%
2026-01-30 01:43:59 | esp32-stable-001 | restaurant-entrance | Unknown | Value: 0 | Capacity: 0%
2026-01-30 01:44:04 | esp32-stable-001 | restaurant-entrance | Unknown | Value: 0 | Capacity: 0%
2026-01-30 01:44:42 | esp32-people-counter | restaurant-entrance | Very Busy | Value: 47902 | Capacity: 100%
2026-01-30 01:44:47 | esp32-people-counter | restaurant-entrance | Very Busy | Value: 51394 | Capacity: 100%
2026-01-30 01:44:52 | esp32-people-counter | restaurant-entrance | Very Busy | Value: 49918 | Capacity: 100%
2026-01-30 01:44:57 | esp32-people-counter | restaurant-entrance | Very Busy | Value: 51616 | Capacity: 100%
2026-01-30 01:45:02 | esp32-people-counter | restaurant-entrance | Very Busy | Value: 49551 | Capacity: 100%
2026-01-30 01:45:07 | esp32-people-counter | restaurant-entrance | Very Busy | Value: 49315 | Capacity: 100%
2026-01-30 01:45:11 | esp32-people-counter | restaurant-entrance | Quiet | Value: 0 | Capacity: 0%
2026-01-30 01:45:12 | esp32-people-counter | restaurant-entrance | Very Busy | Value: 49890 | Capacity: 100%
2026-01-30 01:45:17 | esp32-people-counter | restaurant-entrance | Very Busy | Value: 50376 | Capacity: 100%
2026-01-30 01:45:22 | esp32-people-counter | restaurant-entrance | Very Busy | Value: 50709 | Capacity: 100%
2026-01-30 01:45:27 | esp32-people-counter | restaurant-entrance | Very Busy | Value: 48044 | Capacity: 100%
2026-01-30 01:45:32 | esp32-people-counter | restaurant-entrance | Very Busy | Value: 52460 | Capacity: 100%
2026-01-30 01:45:37 | esp32-people-counter | restaurant-entrance | Very Busy | Value: 52303 | Capacity: 100%
2026-01-30 01:45:45 | esp32-people-counter | restaurant-entrance | Very Busy | Value: 79805 | Capacity: 100%
2026-01-30 01:45:50 | esp32-people-counter | restaurant-entrance | Very Busy | Value: 82776 | Capacity: 100%
2026-01-30 01:45:55 | esp32-people-counter | restaurant-entrance | Very Busy | Value: 81545 | Capacity: 100%
2026-01-30 01:46:00 | esp32-people-counter | restaurant-entrance | Very Busy | Value: 78856 | Capacity: 100%
2026-01-30 01:46:05 | esp32-people-counter | restaurant-entrance | Very Busy | Value: 160111 | Capacity: 100%
2026-01-30 01:46:11 | esp32-people-counter | restaurant-entrance | Very Busy | Value: 80103 | Capacity: 100%
2026-01-30 01:46:15 | esp32-people-counter | restaurant-entrance | Quiet | Value: 0 | Capacity: 0%
2026-01-30 01:46:15 | esp32-people-counter | restaurant-entrance | Very Busy | Value: 80140 | Capacity: 100%
2026-01-30 01:46:20 | esp32-people-counter | restaurant-entrance | Very Busy | Value: 182860 | Capacity: 100%
2026-01-30 01:46:25 | esp32-people-counter | restaurant-entrance | Very Busy | Value: 56246 | Capacity: 100%
2026-01-30 01:46:30 | esp32-people-counter | restaurant-entrance | Very Busy | Value: 57785 | Capacity: 100%
2026-01-30 01:46:36 | esp32-people-counter | restaurant-entrance | Very Busy | Value: 58053 | Capacity: 100%
2026-01-30 01:46:41 | esp32-people-counter | restaurant-entrance | Very Busy | Value: 57741 | Capacity: 100%
2026-01-30 01:46:45 | esp32-people-counter | restaurant-entrance | Quiet | Value: 0 | Capacity: 0%
2026-01-30 01:46:45 | esp32-people-counter | restaurant-entrance | Very Busy | Value: 55896 | Capacity: 100%
2026-01-30 01:46:50 | esp32-people-counter | restaurant-entrance | Very Busy | Value: 54845 | Capacity: 100%
2026-01-30 01:46:55 | esp32-people-counter | restaurant-entrance | Very Busy | Value: 110409 | Capacity: 100%
2026-01-30 01:47:00 | esp32-people-counter | restaurant-entrance | Very Busy | Value: 55001 | Capacity: 100%
2026-01-30 01:47:06 | esp32-people-counter | restaurant-entrance | Very Busy | Value: 55514 | Capacity: 100%
2026-01-30 01:47:11 | esp32-people-counter | restaurant-entrance | Very Busy | Value: 56980 | Capacity: 100%
2026-01-30 01:47:15 | esp32-people-counter | restaurant-entrance | Quiet | Value: 0 | Capacity: 0%
2026-01-30 01:47:15 | esp32-people-counter | restaurant-entrance | Very Busy | Value: 56767 | Capacity: 100%
2026-01-30 01:55:40 | esp32-stable-001 | restaurant-entrance | Unknown | Value: 0 | Capacity: 0%
2026-01-30 01:55:45 | esp32-stable-001 | restaurant-entrance | Unknown | Value: 0 | Capacity: 0%
2026-01-30 01:55:47 | esp32-stable-001 | restaurant-entrance | Unknown | Value: 59391 | Capacity: 0%
2026-01-30 01:55:48 | esp32-stable-001 | restaurant-entrance | Unknown | Value: 280 | Capacity: 0%
2026-01-30 01:55:53 | esp32-stable-001 | restaurant-entrance | Unknown | Value: 0 | Capacity: 0%
2026-01-30 01:55:59 | esp32-stable-001 | restaurant-entrance | Unknown | Value: 0 | Capacity: 0%
2026-01-30 01:56:04 | esp32-stable-001 | restaurant-entrance | Unknown | Value: 0 | Capacity: 0%
2026-01-30 01:56:09 | esp32-stable-001 | restaurant-entrance | Unknown | Value: 0 | Capacity: 0%
2026-01-30 01:56:14 | esp32-stable-001 | restaurant-entrance | Unknown | Value: 0 | Capacity: 0%
2026-01-30 01:56:19 | esp32-stable-001 | restaurant-entrance | Unknown | Value: 0 | Capacity: 0%
2026-01-30 01:56:24 | esp32-stable-001 | restaurant-entrance | Unknown | Value: 0 | Capacity: 0%
2026-01-30 01:56:29 | esp32-stable-001 | restaurant-entrance | Unknown | Value: 0 | Capacity: 0%
2026-01-30 01:56:34 | esp32-stable-001 | restaurant-entrance | Unknown | Value: 0 | Capacity: 0%
2026-01-30 01:56:39 | esp32-stable-001 | restaurant-entrance | Unknown | Value: 0 | Capacity: 0%
2026-01-30 01:56:45 | esp32-stable-001 | restaurant-entrance | Unknown | Value: 0 | Capacity: 0%
2026-01-30 01:56:50 | esp32-stable-001 | restaurant-entrance | Unknown | Value: 0 | Capacity: 0%
2026-01-30 01:56:55 | esp32-stable-001 | restaurant-entrance | Unknown | Value: 0 | Capacity: 0%
2026-01-30 01:56:55 | esp32-stable-001 | restaurant-entrance | Unknown | Value: 16587 | Capacity: 0%
2026-01-30 01:57:00 | esp32-stable-001 | restaurant-entrance | Unknown | Value: 40217 | Capacity: 0%
2026-01-30 01:57:05 | esp32-stable-001 | restaurant-entrance | Unknown | Value: 33574 | Capacity: 0%
2026-01-30 01:57:09 | esp32-stable-001 | restaurant-entrance | Unknown | Value: 1628 | Capacity: 0%
2026-01-30 01:57:14 | esp32-stable-001 | restaurant-entrance | Unknown | Value: 0 | Capacity: 0%
2026-01-30 01:57:19 | esp32-stable-001 | restaurant-entrance | Unknown | Value: 0 | Capacity: 0%
2026-01-30 01:57:24 | esp32-stable-001 | restaurant-entrance | Unknown | Value: 0 | Capacity: 0%
2026-01-30 01:57:29 | esp32-stable-001 | restaurant-entrance | Unknown | Value: 0 | Capacity: 0%
2026-01-30 01:57:34 | esp32-stable-001 | restaurant-entrance | Unknown | Value: 0 | Capacity: 0%
2026-01-30 01:57:39 | esp32-stable-001 | restaurant-entrance | Unknown | Value: 0 | Capacity: 0%
2026-01-30 01:57:44 | esp32-stable-001 | restaurant-entrance | Unknown | Value: 0 | Capacity: 0%
2026-01-30 01:57:50 | esp32-stable-001 | restaurant-entrance | Unknown | Value: 0 | Capacity: 0%
2026-01-30 01:57:55 | esp32-stable-001 | restaurant-entrance | Unknown | Value: 0 | Capacity: 0%
2026-01-30 01:58:00 | esp32-stable-001 | restaurant-entrance | Unknown | Value: 0 | Capacity: 0%
2026-01-30 01:58:05 | esp32-stable-001 | restaurant-entrance | Unknown | Value: 0 | Capacity: 0%
2026-01-30 01:58:10 | esp32-stable-001 | restaurant-entrance | Unknown | Value: 0 | Capacity: 0%
2026-01-30 01:58:15 | esp32-stable-001 | restaurant-entrance | Unknown | Value: 0 | Capacity: 0%
2026-01-30 01:58:20 | esp32-stable-001 | restaurant-entrance | Unknown | Value: 0 | Capacity: 0%
2026-01-30 01:58:26 | esp32-stable-001 | restaurant-entrance | Unknown | Value: 0 | Capacity: 0%
2026-01-30 01:58:31 | esp32-stable-001 | restaurant-entrance | Unknown | Value: 0 | Capacity: 0%
2026-01-30 01:58:36 | esp32-stable-001 | restaurant-entrance | Unknown | Value: 0 | Capacity: 0%
2026-01-30 01:58:41 | esp32-stable-001 | restaurant-entrance | Unknown | Value: 0 | Capacity: 0%
2026-01-30 01:58:46 | esp32-stable-001 | restaurant-entrance | Unknown | Value: 0 | Capacity: 0%
2026-01-30 01:58:51 | esp32-stable-001 | restaurant-entrance | Unknown | Value: 0 | Capacity: 0%
2026-01-30 01:58:56 | esp32-stable-001 | restaurant-entrance | Unknown | Value: 0 | Capacity: 0%
2026-01-30 01:59:01 | esp32-stable-001 | restaurant-entrance | Unknown | Value: 0 | Capacity: 0%
2026-01-30 01:59:07 | esp32-stable-001 | restaurant-entrance | Unknown | Value: 0 | Capacity: 0%
2026-01-30 02:24:40 | esp32-stable-001 | restaurant-entrance | Unknown | Value: 0 | Capacity: 0%
2026-01-30 02:24:43 | esp32-stable-001 | restaurant-entrance | Unknown | Value: 0 | Capacity: 0%
2026-01-30 02:24:48 | esp32-stable-001 | restaurant-entrance | Unknown | Value: 0 | Capacity: 0%
2026-01-30 02:24:53 | esp32-stable-001 | restaurant-entrance | Unknown | Value: 0 | Capacity: 0%
2026-01-30 02:24:58 | esp32-stable-001 | restaurant-entrance | Unknown | Value: 0 | Capacity: 0%
2026-01-30 02:25:03 | esp32-stable-001 | restaurant-entrance | Unknown | Value: 0 | Capacity: 0%
2026-01-30 02:25:09 | esp32-stable-001 | restaurant-entrance | Unknown | Value: 0 | Capacity: 0%
